? other
? result
H cached
H deleted
H modified
H no-checkout
H orphaned
R deleted
C deleted
C modified
