? other
? result
H cached
H deleted
H modified
- no-checkout
- orphaned
O orphaned
R deleted
C deleted
C modified
